// Jest Snapshot v1, https://goo.gl/fbAQLP

exports[`posthtmlNoscript noscript matches snapshot 1`] = `
"<body>
          <div id=\\"root\\"></div>
        <noscript>You need to enable JavaScript to run this app.</noscript></body>"
`;
